STEP translation to Solid Edge
Date: torsdag,mars 28,2024 11:55
Source File: C:\OneDrive\Documents\Programming\Solid Edge\Courses\Solid Edge - HL103X Examensarbete i medicinsk teknik\Stegmotor\Flens\DN160CF (8.00 inch OD) 316LN SS Standard ConFlat (CF) UHV Flanges\f0800n000nln.stp
Author: Unknown
Organization: Unknown
Source System: Solid Edge

Hardware:
Processor: AMD Ryzen 7 4700U with Radeon Graphics         
Operating System: Windows 11 Version:23H2 Build:22631 System Type:64-bit
Installed Memory: 15.37 GB

Software Information
Parasolid Version: 35.0.149
PSBodyShop Version: 35.0.82
Step Adapter Version: 11.0.82
Solid Edge Version: 223.00.00.101 x64

Step Import Options
Import Faceted Bodies: On
Import Check Bodies: Off
Import Curves: On
Import DoNotSave: On
Import Multiple Bodies As Single Part File: On
Import Stitch Surfaces: On
Import Boolean Solids: On
Make Base Feature: On
Simplify Geometry: On
Import Imprint Curves: On
Import Drive: C:
Import Stitch Surfaces: On
Import Surfaces: On
Import Output Path: C:\OneDrive\Documents\Programming\Solid Edge\Courses\Solid Edge - HL103X Examensarbete i medicinsk teknik\Stegmotor\Flens\DN160CF (8.00 inch OD) 316LN SS Standard ConFlat (CF) UHV Flanges
Import Enable Default Output Path: On
Import PMI: Off
Import As Internal Components: Off
Import Path: 

Translating to Parasolid data types...
Placing C:\OneDrive\Documents\Programming\Solid Edge\Courses\Solid Edge - HL103X Examensarbete i medicinsk teknik\Stegmotor\Flens\DN160CF (8.00 inch OD) 316LN SS Standard ConFlat (CF) UHV Flanges\P0040500.par
Translation process completed
Total time required to translate and post process:00 : 00 : 04
